
=== /he/group-buys/gb-1 — cancel-commitment dialog ===
PASS  CONTROL the cancel CTA rendered (auth + commit gates satisfied)
        expected 1
        actual   1
PASS  CONTROL the trigger holds focus before the dialog opens
        expected true
        actual   true
PASS  CONTROL the dialog opened
        expected 1
        actual   1
PASS  focus moved INTO the dialog, onto its first control
        expected [true,0]
        actual   [true,0]
PASS  Tab off the last control wraps to the first — it does not escape
        expected [true,0]
        actual   [true,0]
PASS  Shift+Tab off the first wraps to the last
        expected [true,1]
        actual   [true,1]
PASS  Escape closed the dialog
        expected 0
        actual   0
PASS  focus came home to the trigger that opened it
        expected true
        actual   true
PASS  Escape deleted NOTHING
        expected 0
        actual   0
PASS  the dismiss button returns focus to the trigger as well
        expected true
        actual   true
PASS  dismiss deleted NOTHING
        expected 0
        actual   0
PASS  confirming still DELETEs — the destructive path is untouched
        expected 1
        actual   1

0 failed of 12 assertions
