MEH-1838 close-out QA — 2026-08-30T09:20:21.715Z
target: https://staging.mehamakor.online/register/producer (live staging, bypass header; chromium capped at TLS 1.2 — MEH-2118)
engines: webkit devices['iPhone 14'] · chromium 375x812
subject: the delivery-axis step (STEP.DETAILS) — four shapes

engine webkit devices['iPhone 14'] viewport 390x664
PASS  webkit-390/control:register-form-rendered — register-frame-account count=1
PASS  webkit-390/control:not-error-boundary — no error-boundary copy
PASS  webkit-390/control:axis-has-non-zero-box — 294x56
PASS  webkit-390/S1:blocked-neither-shows-error — axis error box={"w":294,"h":16}
PASS  webkit-390/S1:blocked-neither-cannot-advance — still on DETAILS after clicking next = true
PASS  webkit-390/S2:physical-only-clears-error — axis error gone
PASS  webkit-390/S2:physical-only-hides-delivery-followup — nationwide=0 cities=0
PASS  webkit-390/S3:nationwide-selected — delivery_nationwide checked
PASS  webkit-390/S3:nationwide-hides-city-list — cities block count=0 (XOR mirrored in the UI)
PASS  webkit-390/S3:nationwide-row-laid-out — label box={"w":252,"h":20} (non-zero; no tap-target claim made)
PASS  webkit-390/S4:city-list-appears — cities box={"w":252,"h":134}
PASS  webkit-390/S4:nationwide-cleared — the two are mutually exclusive
PASS  webkit-390/A:no-horizontal-overflow — scrollWidth=390 <= innerWidth=390
PASS  chromium-375/control:register-form-rendered — register-frame-account count=1
PASS  chromium-375/control:not-error-boundary — no error-boundary copy
PASS  chromium-375/control:axis-has-non-zero-box — 279x56
PASS  chromium-375/S1:blocked-neither-shows-error — axis error box={"w":279,"h":16}
PASS  chromium-375/S1:blocked-neither-cannot-advance — still on DETAILS after clicking next = true
PASS  chromium-375/S2:physical-only-clears-error — axis error gone
PASS  chromium-375/S2:physical-only-hides-delivery-followup — nationwide=0 cities=0
PASS  chromium-375/S3:nationwide-selected — delivery_nationwide checked
PASS  chromium-375/S3:nationwide-hides-city-list — cities block count=0 (XOR mirrored in the UI)
PASS  chromium-375/S3:nationwide-row-laid-out — label box={"w":237,"h":20} (non-zero; no tap-target claim made)
PASS  chromium-375/S4:city-list-appears — cities box={"w":237,"h":134}
PASS  chromium-375/S4:nationwide-cleared — the two are mutually exclusive
PASS  chromium-375/A:no-horizontal-overflow — scrollWidth=375 <= innerWidth=375

26 assertions ran, 0 failed.
