
=== / — Header account menu (APG menu button) ===
PASS  CONTROL the avatar trigger rendered (signed in, desktop width)
        expected 1
        actual   1
PASS  CONTROL the menu starts CLOSED
        expected 0
        actual   0
PASS  CONTROL the menu opened and has items
        expected [true,true]
        actual   [true,true]
PASS  ArrowDown on the closed trigger focuses the FIRST item
        expected [0,"true"]
        actual   [0,"true"]
PASS  exactly one tab stop, on the focused item
        expected [1,0]
        actual   [1,0]
PASS  ArrowDown moves to the next item and the tab stop follows
        expected [1,1,1]
        actual   [1,1,1]
PASS  ArrowUp moves back
        expected 0
        actual   0
PASS  ArrowUp off the first wraps to the last
        expected 4
        actual   4
PASS  Home jumps to the first
        expected 0
        actual   0
PASS  End jumps to the last
        expected 4
        actual   4
PASS  Escape closed the menu and returned focus to the trigger
        expected [false,"false",true]
        actual   [false,"false",true]
PASS  ArrowUp on the closed trigger opens onto the LAST item
        expected 4
        actual   4
PASS  CONTROL clicking still opens the menu
        expected 1
        actual   1
PASS  clicking again still closes it
        expected 0
        actual   0

0 failed of 14 assertions
